Obol starting -- budget 0.0500 USDC across 5 providers

  pay 0.0005 USDC -> CRA AGENT fee estimate q=0.85  edge 1233.333  bal 0.0495
  pay 0.0005 USDC -> CRA AGENT RPC health   q=0.85  edge 1233.333  bal 0.0490
  pay 0.0010 USDC -> CRA AGENT base-fee forecast q=0.85  edge 616.667  bal 0.0480
  pay 0.0000 USDC -> CRA AGENT self-test (always fails) q=0.00  edge 333.333  bal 0.0480
  pay 0.0070 USDC -> Exa search             q=0.80  edge 85.714  bal 0.0410
  pay 0.0005 USDC -> CRA AGENT fee estimate q=0.85  edge 1349.737  bal 0.0405
  pay 0.0005 USDC -> CRA AGENT fee estimate q=0.85  edge 1419.496  bal 0.0400
  pay 0.0005 USDC -> CRA AGENT fee estimate q=0.85  edge 1465.966  bal 0.0395
  pay 0.0005 USDC -> CRA AGENT RPC health   q=0.85  edge 1349.737  bal 0.0390
  pay 0.0005 USDC -> CRA AGENT RPC health   q=0.85  edge 1419.496  bal 0.0385
  pay 0.0005 USDC -> CRA AGENT RPC health   q=0.85  edge 1465.966  bal 0.0380
  pay 0.0005 USDC -> CRA AGENT RPC health   q=0.85  edge 1499.142  bal 0.0375
  ~  on-chain score CRA AGENT RPC health = 7496/10000
  pay 0.0005 USDC -> CRA AGENT RPC health   q=0.85  edge 1524.014  bal 0.0370
  pay 0.0070 USDC -> Exa search             q=0.80  edge 92.841  bal 0.0300
  pay 0.0010 USDC -> CRA AGENT base-fee forecast q=0.85  edge 674.869  bal 0.0290
  pay 0.0000 USDC -> CRA AGENT self-test (always fails) q=0.00  edge 250.188  bal 0.0290
  pay 0.0005 USDC -> CRA AGENT RPC health   q=0.85  edge 1543.353  bal 0.0285
  pay 0.0005 USDC -> CRA AGENT fee estimate q=0.85  edge 1499.142  bal 0.0280
  ~  on-chain score CRA AGENT fee estimate = 7496/10000
  pay 0.0005 USDC -> CRA AGENT RPC health   q=0.85  edge 1558.821  bal 0.0275
  pay 0.0005 USDC -> CRA AGENT RPC health   q=0.85  edge 1571.474  bal 0.0270
  pay 0.0005 USDC -> CRA AGENT fee estimate q=0.85  edge 1524.014  bal 0.0265
  pay 0.0005 USDC -> CRA AGENT RPC health   q=0.85  edge 1582.017  bal 0.0260
  ~  on-chain score CRA AGENT RPC health = 7910/10000
  pay 0.0005 USDC -> CRA AGENT RPC health   q=0.85  edge 1590.936  bal 0.0255
  pay 0.0005 USDC -> CRA AGENT fee estimate q=0.85  edge 1543.353  bal 0.0250
  pay 0.0005 USDC -> CRA AGENT RPC health   q=0.85  edge 1598.580  bal 0.0245
  pay 0.0005 USDC -> CRA AGENT RPC health   q=0.85  edge 1605.204  bal 0.0240
  pay 0.0070 USDC -> Exa search             q=0.80  edge 97.112  bal 0.0170
  pay 0.0005 USDC -> CRA AGENT RPC health   q=0.85  edge 1610.999  bal 0.0165
  pay 0.0005 USDC -> CRA AGENT RPC health   q=0.85  edge 1616.113  bal 0.0160
  ~  on-chain score CRA AGENT RPC health = 8081/10000
  pay 0.0005 USDC -> CRA AGENT fee estimate q=0.85  edge 1558.821  bal 0.0155
  ~  on-chain score Exa search = 6798/10000
  ~  on-chain score CRA AGENT fee estimate = 7794/10000
  ~  on-chain score CRA AGENT base-fee forecast = 6749/10000
  ~  on-chain score CRA AGENT self-test (always fails) = 2502/10000

--- summary ---
{
  "budget_start": 0.05,
  "balance_end": 0.0155,
  "calls": 30,
  "spend": 0.0345,
  "value": 23.65,
  "value_per_usdc": 685.5072,
  "ranking": [
    {
      "provider": "cra-rpc-health",
      "calls": 15,
      "spend": 0.0075,
      "mean_quality": 0.8081,
      "edge": 1616.1127,
      "retired": false
    },
    {
      "provider": "cra-fees-estimate",
      "calls": 8,
      "spend": 0.004,
      "mean_quality": 0.7794,
      "edge": 1558.8212,
      "retired": false
    },
    {
      "provider": "cra-fees-forecast",
      "calls": 2,
      "spend": 0.002,
      "mean_quality": 0.6749,
      "edge": 674.8687,
      "retired": false
    },
    {
      "provider": "cra-selftest-fail",
      "calls": 2,
      "spend": 0.0,
      "mean_quality": 0.2502,
      "edge": 250.1876,
      "retired": false
    },
    {
      "provider": "exa-search",
      "calls": 3,
      "spend": 0.021,
      "mean_quality": 0.6798,
      "edge": 97.112,
      "retired": false
    }
  ]
}

wrote runs/first.json
